// Vitest Snapshot v1, https://vitest.dev/guide/snapshot.html

exports[`Generate player's deaths VDM file > should generate a VDM file that focus on player's deaths 1`] = `
"
// Generated by CS Demo Manager
demoactions
{
  
  \\"1\\"
  {
    factory \\"SkipAhead\\"
    name \\"SkipAhead1\\"
    starttick \\"0\\"
    skiptotick \\"8\\"
  }
  \\"2\\"
  {
    factory \\"PlayCommands\\"
    name \\"spec2\\"
    starttick \\"8\\"
    commands \\"spec_lock_to_accountid fakeVictimSteamId\\"
  }
  \\"3\\"
  {
    factory \\"PlayCommands\\"
    name \\"spec3\\"
    starttick \\"8\\"
    commands \\"spec_player_by_accountid fakeVictimSteamId\\"
  }
  \\"4\\"
  {
    factory \\"PlayCommands\\"
    name \\"spec4\\"
    starttick \\"12\\"
    commands \\"spec_lock_to_accountid fakeVictimSteamId\\"
  }
  \\"5\\"
  {
    factory \\"PlayCommands\\"
    name \\"spec5\\"
    starttick \\"12\\"
    commands \\"spec_player_by_accountid fakeVictimSteamId\\"
  }
  \\"6\\"
  {
    factory \\"SkipAhead\\"
    name \\"SkipAhead6\\"
    starttick \\"17\\"
    skiptotick \\"48\\"
  }
  \\"7\\"
  {
    factory \\"PlayCommands\\"
    name \\"spec7\\"
    starttick \\"48\\"
    commands \\"spec_lock_to_accountid fakeVictimSteamId\\"
  }
  \\"8\\"
  {
    factory \\"PlayCommands\\"
    name \\"spec8\\"
    starttick \\"48\\"
    commands \\"spec_player_by_accountid fakeVictimSteamId\\"
  }
  \\"9\\"
  {
    factory \\"SkipAhead\\"
    name \\"SkipAhead9\\"
    starttick \\"54\\"
    skiptotick \\"198\\"
  }
  \\"10\\"
  {
    factory \\"PlayCommands\\"
    name \\"spec10\\"
    starttick \\"198\\"
    commands \\"spec_lock_to_accountid fakeVictimSteamId\\"
  }
  \\"11\\"
  {
    factory \\"PlayCommands\\"
    name \\"spec11\\"
    starttick \\"198\\"
    commands \\"spec_player_by_accountid fakeVictimSteamId\\"
  }
  \\"12\\"
  {
    factory \\"TextMessageStart\\"
    name \\"TextMessageStart12\\"
    starttick \\"53\\"
    message \\"Skipping to the next death in round 2\\"
    font \\"Trebuchet24\\"
    fadein \\"0.500\\"
    fadeout \\"0.500\\"
    holdtime \\"5.000\\"
    fxtime \\"0.000\\"
    FADEINOUT \\"1\\"
    x \\"10.000000\\"
    y \\"10.000000\\"
    r1 \\"255\\"
    g1 \\"255\\"
    b1 \\"255\\"
    a1 \\"0\\"
    r2 \\"0\\"
    g2 \\"0\\"
    b2 \\"0\\"
    a2 \\"0\\"
  }
  \\"13\\"
  {
    factory \\"ScreenFadeStart\\"
    name \\"ScreenFadeStart13\\"
    starttick \\"53\\"
    duration \\"1.000\\"
    holdtime \\"1.000\\"
    FFADE_IN \\"1\\"
    FFADE_OUT \\"1\\"
    r \\"0\\"
    g \\"0\\"
    b \\"0\\"
    a \\"255\\"
  }
  \\"14\\"
  {
    factory \\"StopPlayback\\"
    name \\"stop14\\"
    starttick \\"202\\"
  }
}
"
`;
